<html>
<body>
<pre>
<h1>µVision Build Log</h1>
<h2>Tool Versions:</h2>
IDE-Version: ¦ÌVision V5.25.3.0
Copyright (C) 2018 ARM Ltd and ARM Germany GmbH. All rights reserved.
License Information: DANGO dango, DANGO, LIC=ATTRA-1AQN2-AR9XW-Q2MNL-VFY8N-JRIA0
 
Tool Versions:
Toolchain:       MDK-ARM Plus  Version: 5.26.2.0
Toolchain Path:  D:\program\Stm32\KEIL\ARM\ARMCC\Bin
C Compiler:      Armcc.exe V5.06 update 6 (build 750)
Assembler:       Armasm.exe V5.06 update 6 (build 750)
Linker/Locator:  ArmLink.exe V5.06 update 6 (build 750)
Library Manager: ArmAr.exe V5.06 update 6 (build 750)
Hex Converter:   FromElf.exe V5.06 update 6 (build 750)
CPU DLL:         SARMCM3.DLL V5.26.2.0
Dialog DLL:      DCM.DLL V1.17.2.0
Target DLL:      STLink\ST-LINKIII-KEIL_SWO.dll V3.0.5.0
Dialog DLL:      TCM.DLL V1.36.1.0
 
<h2>Project:</h2>
D:\programfile\keil\m2006_test\MDK-ARM\m2006_test.uvprojx
Project File Date:  06/13/2021

<h2>Output:</h2>
*** Using Compiler 'V5.06 update 6 (build 750)', folder: 'D:\program\Stm32\KEIL\ARM\ARMCC\Bin'
Build target 'm2006_test'
compiling ROS_UART.c...
.\inc\Yuntai.h(85): warning:  #1295-D: Deprecated declaration Yuntai_Init - give arg types
  void Yuntai_Init();
.\inc\Yuntai.h(93): warning:  #1-D: last line of file ends without a newline
  #endif
.\inc\ROS_UART.h(13): warning:  #1-D: last line of file ends without a newline
  #endif
src\ROS_UART.c: 3 warnings, 0 errors
linking...
Program Size: Code=8116 RO-data=484 RW-data=56 ZI-data=1584  
FromELF: creating hex file...
"m2006_test\m2006_test.axf" - 0 Error(s), 3 Warning(s).

<h2>Software Packages used:</h2>

Package Vendor: ARM
                http://www.keil.com/pack/ARM.CMSIS.5.4.0.pack
                ARM.CMSIS.5.4.0
                CMSIS (Cortex Microcontroller Software Interface Standard)
   * Component: CORE Version: 5.1.2

Package Vendor: Keil
                http://www.keil.com/pack/Keil.STM32F4xx_DFP.2.14.0.pack
                Keil.STM32F4xx_DFP.2.14.0
                STMicroelectronics STM32F4 Series Device Support, Drivers and Examples

<h2>Collection of Component include folders:</h2>
  .\RTE\_m2006_test
  D:\program\Stm32\KEIL\ARM\PACK\ARM\CMSIS\5.4.0\CMSIS\Core\Include
  D:\program\Stm32\KEIL\ARM\PACK\Keil\STM32F4xx_DFP\2.14.0\Drivers\CMSIS\Device\ST\STM32F4xx\Include

<h2>Collection of Component Files used:</h2>

   * Component: ARM::CMSIS:CORE:5.1.2
Build Time Elapsed:  00:00:02
</pre>
</body>
</html>
